// Jest Snapshot v1, https://goo.gl/fbAQLP

exports[`Web Acl rule default group testing Should match snapshot 1`] = `
{
  "Parameters": {
    "BootstrapVersion": {
      "Default": "/cdk-bootstrap/hnb659fds/version",
      "Description": "Version of the CDK Bootstrap resources in this environment, automatically retrieved from SSM Parameter Store. [cdk:skip]",
      "Type": "AWS::SSM::Parameter::Value<String>",
    },
  },
  "Resources": {
    "WafIpRateLimitRuleGroup": {
      "Properties": {
        "Capacity": 10,
        "CustomResponseBodies": {
          "ip-restrict": {
            "Content": "Sorry, You Are Not Allowed to Access This Service.",
            "ContentType": "TEXT_PLAIN",
          },
        },
        "Description": "rate limit rule group",
        "Rules": [
          {
            "Action": {
              "Block": {
                "CustomResponse": {
                  "CustomResponseBodyKey": "ip-restrict",
                  "ResponseCode": 403,
                },
              },
            },
            "Name": "rate-limit-rule",
            "Priority": 10,
            "Statement": {
              "RateBasedStatement": {
                "AggregateKeyType": "IP",
                "Limit": 1000,
              },
            },
            "VisibilityConfig": {
              "CloudWatchMetricsEnabled": true,
              "MetricName": "WafRateLimitRule",
              "SampledRequestsEnabled": true,
            },
          },
        ],
        "Scope": "REGIONAL",
        "VisibilityConfig": {
          "CloudWatchMetricsEnabled": true,
          "MetricName": "RateLimitRule",
          "SampledRequestsEnabled": true,
        },
      },
      "Type": "AWS::WAFv2::RuleGroup",
    },
  },
  "Rules": {
    "CheckBootstrapVersion": {
      "Assertions": [
        {
          "Assert": {
            "Fn::Not": [
              {
                "Fn::Contains": [
                  [
                    "1",
                    "2",
                    "3",
                    "4",
                    "5",
                  ],
                  {
                    "Ref": "BootstrapVersion",
                  },
                ],
              },
            ],
          },
          "AssertDescription": "CDK bootstrap stack version 6 required. Please run 'cdk bootstrap' with a recent version of the CDK CLI.",
        },
      ],
    },
  },
}
`;
